[debug] [2026-03-01T12:14:44.021Z] ----------------------------------------------------------------------
[debug] [2026-03-01T12:14:44.025Z] Command:       C:\Program Files\nodejs\node.exe C:\Users\Dylan Sherry\AppData\Roaming\npm\node_modules\firebase-tools\lib\bin\firebase.js init hosting
[debug] [2026-03-01T12:14:44.026Z] CLI Version:   15.6.0
[debug] [2026-03-01T12:14:44.026Z] Platform:      win32
[debug] [2026-03-01T12:14:44.026Z] Node Version:  v24.13.1
[debug] [2026-03-01T12:14:44.026Z] Time:          Sun Mar 01 2026 14:14:44 GMT+0200 (South Africa Standard Time)
[debug] [2026-03-01T12:14:44.026Z] ----------------------------------------------------------------------
[debug] 
[debug] [2026-03-01T12:14:44.029Z] >>> [apiv2][query] GET https://firebase-public.firebaseio.com/cli.json [none]
[info] 
     ######## #### ########  ######## ########     ###     ######  ########
     ##        ##  ##     ## ##       ##     ##  ##   ##  ##       ##
     ######    ##  ########  ######   ########  #########  ######  ######
     ##        ##  ##    ##  ##       ##     ## ##     ##       ## ##
     ##       #### ##     ## ######## ########  ##     ##  ######  ########

You're about to initialize a Firebase project in this directory:

  D:\OneDrive - University of Cape Town\2026\INF4027W\MiniProject V2\SafeBite\safebite

[debug] [2026-03-01T12:14:47.152Z] <<< [apiv2][status] GET https://firebase-public.firebaseio.com/cli.json 200
[debug] [2026-03-01T12:14:47.152Z] <<< [apiv2][body] GET https://firebase-public.firebaseio.com/cli.json {"cloudBuildErrorAfter":1594252800000,"cloudBuildWarnAfter":1590019200000,"defaultNode10After":1594252800000,"minVersion":"3.0.5","node8DeploysDisabledAfter":1613390400000,"node8RuntimeDisabledAfter":1615809600000,"node8WarnAfter":1600128000000}
[info] 
=== Project Setup
[info] 
[info] First, let's associate this project directory with a Firebase project.
[info] You can create multiple project aliases by running firebase use --add, 
[info] 
[debug] [2026-03-01T12:15:18.942Z] > command requires scopes: ["email","openid","https://www.googleapis.com/auth/cloudplatformprojects.readonly","https://www.googleapis.com/auth/firebase","https://www.googleapis.com/auth/cloud-platform"]
[debug] [2026-03-01T12:15:18.942Z] > authorizing via signed-in user (dgsherry1@gmail.com)
[debug] [2026-03-01T12:15:18.943Z] Checked if tokens are valid: false, expires at: 1771088719087
[debug] [2026-03-01T12:15:18.944Z] Checked if tokens are valid: false, expires at: 1771088719087
[debug] [2026-03-01T12:15:18.944Z] > refreshing access token with scopes: []
[debug] [2026-03-01T12:15:18.946Z] >>> [apiv2][query] POST https://www.googleapis.com/oauth2/v3/token [none]
[debug] [2026-03-01T12:15:18.946Z] >>> [apiv2][body] POST https://www.googleapis.com/oauth2/v3/token [omitted]
[debug] [2026-03-01T12:15:19.491Z] <<< [apiv2][status] POST https://www.googleapis.com/oauth2/v3/token 200
[debug] [2026-03-01T12:15:19.491Z] <<< [apiv2][body] POST https://www.googleapis.com/oauth2/v3/token [omitted]
[debug] [2026-03-01T12:15:19.512Z] >>> [apiv2][query] GET https://firebase.googleapis.com/v1beta1/projects pageSize=100
[debug] [2026-03-01T12:15:20.571Z] <<< [apiv2][status] GET https://firebase.googleapis.com/v1beta1/projects 200
[debug] [2026-03-01T12:15:20.571Z] <<< [apiv2][body] GET https://firebase.googleapis.com/v1beta1/projects [omitted]
[info] 
=== Hosting Setup
[debug] [2026-03-01T12:15:26.747Z] Checked if tokens are valid: true, expires at: 1772370918491
[debug] [2026-03-01T12:15:26.748Z] Checked if tokens are valid: true, expires at: 1772370918491
[debug] [2026-03-01T12:15:26.748Z] >>> [apiv2][query] GET https://firebase.googleapis.com/v1beta1/projects/inf3047w-mini [none]
[debug] [2026-03-01T12:15:27.758Z] <<< [apiv2][status] GET https://firebase.googleapis.com/v1beta1/projects/inf3047w-mini 200
[debug] [2026-03-01T12:15:27.758Z] <<< [apiv2][body] GET https://firebase.googleapis.com/v1beta1/projects/inf3047w-mini {"projectId":"inf3047w-mini","projectNumber":"234183543488","displayName":"INF3047W Mini","name":"projects/inf3047w-mini","resources":{"hostingSite":"inf3047w-mini"},"state":"ACTIVE","etag":"1_b1d8f188-379e-408d-8980-56ef2d09b951"}
[info] 
[info] Your public directory is the folder (relative to your project directory) that
[info] will contain Hosting assets to be uploaded with firebase deploy. If you
[info] have a build process for your assets, use your build's output directory.
[info] 
[info] 
[info] i  Detected a .git folder at D:\OneDrive - University of Cape Town\2026\INF4027W\MiniProject V2\SafeBite\safebite 
[info] i  Authorizing with GitHub to upload your service account to a GitHub repository's secrets store. 
[info] 
[info] Visit this URL on this device to log in:
[info] https://github.com/login/oauth/authorize?client_id=89cf50f02ac6aaed3484&state=119082675&redirect_uri=http%3A%2F%2Flocalhost%3A9005&scope=read%3Auser%20repo%20public_repo
[info] 
[info] Waiting for authentication...
[debug] [2026-03-01T12:16:27.667Z] >>> [apiv2][query] POST https://github.com/login/oauth/access_token [none]
[debug] [2026-03-01T12:16:27.668Z] >>> [apiv2][body] POST https://github.com/login/oauth/access_token [stream]
[debug] [2026-03-01T12:16:28.887Z] <<< [apiv2][status] POST https://github.com/login/oauth/access_token 200
[debug] [2026-03-01T12:16:28.887Z] <<< [apiv2][body] POST https://github.com/login/oauth/access_token {"access_token":"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","token_type":"bearer","scope":"read:user,repo"}
[debug] [2026-03-01T12:16:28.891Z] >>> [apiv2][query] GET https://api.github.com/user [none]
[debug] [2026-03-01T12:16:29.344Z] <<< [apiv2][status] GET https://api.github.com/user 200
[debug] [2026-03-01T12:16:29.344Z] <<< [apiv2][body] GET https://api.github.com/user {"login":"DylSherry","id":161583303,"node_id":"U_kgDOCaGQxw","avatar_url":"https://avatars.githubusercontent.com/u/161583303?v=4","gravatar_id":"","url":"https://api.github.com/users/DylSherry","html_url":"https://github.com/DylSherry","followers_url":"https://api.github.com/users/DylSherry/followers","following_url":"https://api.github.com/users/DylSherry/following{/other_user}","gists_url":"https://api.github.com/users/DylSherry/gists{/gist_id}","starred_url":"https://api.github.com/users/DylSherry/starred{/owner}{/repo}","subscriptions_url":"https://api.github.com/users/DylSherry/subscriptions","organizations_url":"https://api.github.com/users/DylSherry/orgs","repos_url":"https://api.github.com/users/DylSherry/repos","events_url":"https://api.github.com/users/DylSherry/events{/privacy}","received_events_url":"https://api.github.com/users/DylSherry/received_events","type":"User","user_view_type":"private","site_admin":false,"name":null,"company":null,"blog":"","location":null,"email":null,"hireable":null,"bio":null,"twitter_username":null,"notification_email":null,"public_repos":0,"public_gists":0,"followers":0,"following":0,"created_at":"2024-02-28T09:44:26Z","updated_at":"2026-02-26T15:48:39Z","private_gists":0,"total_private_repos":2,"owned_private_repos":2,"disk_usage":115,"collaborators":0,"two_factor_authentication":true,"plan":{"name":"pro","space":976562499,"collaborators":0,"private_repos":9999}}
[info] 
[info] +  Success! Logged into GitHub as DylSherry 
[info] 
